// Jest Snapshot v1, https://goo.gl/fbAQLP

exports[`Loading component use jest snapshot since it will not changed 1`] = `
<div
  className="loading"
>
  <div
    className="spinner"
  >
    <div
      className="double-bounce1"
    />
    <div
      className="double-bounce2"
    />
  </div>
</div>
`;
